// Jest Snapshot v1, https://goo.gl/fbAQLP

exports[`@npm/mobydick-core/Button renders correctly 1`] = `
<View
  accessibilityRole="button"
  accessible={true}
  collapsable={false}
  focusable={false}
  onClick={[Function]}
  onResponderGrant={[Function]}
  onResponderMove={[Function]}
  onResponderRelease={[Function]}
  onResponderTerminate={[Function]}
  onResponderTerminationRequest={[Function]}
  onStartShouldSetResponder={[Function]}
  style={
    {
      "opacity": 1,
    }
  }
>
  <View
    style={
      [
        {},
      ]
    }
  >
    <Text
      style={
        [
          {
            "color": "#007AFF",
            "fontSize": 18,
            "margin": 8,
            "textAlign": "center",
          },
        ]
      }
    >
      button
    </Text>
  </View>
</View>
`;
