// Jest Snapshot v1, https://goo.gl/fbAQLP

exports[`CalendarHeader render 1`] = `
<View
  style={
    {
      "alignItems": "center",
      "flexDirection": "row",
      "justifyContent": "center",
      "paddingTop": 36,
    }
  }
>
  <View
    accessibilityLabel="calendarLeftArrow"
    accessible={true}
    collapsable={false}
    focusable={true}
    onBlur={[Function]}
    onClick={[Function]}
    onFocus={[Function]}
    onResponderGrant={[Function]}
    onResponderMove={[Function]}
    onResponderRelease={[Function]}
    onResponderTerminate={[Function]}
    onResponderTerminationRequest={[Function]}
    onStartShouldSetResponder={[Function]}
  >
    <Text
      allowFontScaling={true}
      style={
        {
          "color": "#5E6678",
          "fontFamily": "Neotis",
          "fontSize": 72,
        }
      }
    >
      
    </Text>
  </View>
  <View
    accessibilityLabel="calendarPressTitle"
    accessible={true}
    collapsable={false}
    focusable={true}
    onClick={[Function]}
    onResponderGrant={[Function]}
    onResponderMove={[Function]}
    onResponderRelease={[Function]}
    onResponderTerminate={[Function]}
    onResponderTerminationRequest={[Function]}
    onStartShouldSetResponder={[Function]}
    style={
      {
        "alignItems": "center",
        "opacity": 1,
        "width": 480,
      }
    }
  >
    <Text
      allowFontScaling={true}
      style={
        [
          {
            "color": "#20242D",
            "fontFamily": "Inter-Regular",
            "fontSize": 45,
            "lineHeight": 57,
          },
          undefined,
        ]
      }
    >
      CalendarHeader
    </Text>
  </View>
  <View
    accessibilityLabel="calendarRightArrow"
    accessible={true}
    collapsable={false}
    focusable={true}
    onBlur={[Function]}
    onClick={[Function]}
    onFocus={[Function]}
    onResponderGrant={[Function]}
    onResponderMove={[Function]}
    onResponderRelease={[Function]}
    onResponderTerminate={[Function]}
    onResponderTerminationRequest={[Function]}
    onStartShouldSetResponder={[Function]}
  >
    <Text
      allowFontScaling={true}
      style={
        {
          "color": "#5E6678",
          "fontFamily": "Neotis",
          "fontSize": 72,
        }
      }
    >
      
    </Text>
  </View>
</View>
`;
