// Jest Snapshot v1, https://goo.gl/fbAQLP

exports[`@npm/mobydick-styles/icons/SimpleIcon renders correctly 1`] = `
<Text
  style={
    Object {
      "color": "#5E6678",
      "fontFamily": "Neotis",
      "fontSize": 24,
    }
  }
>
  Ó®Å
</Text>
`;
