// Jest Snapshot v1, https://goo.gl/fbAQLP

exports[`@npm/mobydick-popups/Title should renders correctly 1`] = `
<Text
  allowFontScaling={true}
  style={
    Array [
      Object {
        "color": "#20242D",
        "fontSize": 36,
        "fontWeight": "600",
        "lineHeight": 39,
        "paddingHorizontal": 30,
        "paddingVertical": 15,
        "textAlign": "center",
      },
      Object {
        "flex": 1,
      },
    ]
  }
>
  title
</Text>
`;
