// Jest Snapshot v1, https://goo.gl/fbAQLP

exports[`@mobydick/core/ScrollView renders correctly 1`] = `
<RCTScrollView>
  <View />
</RCTScrollView>
`;
