// Jest Snapshot v1, https://goo.gl/fbAQLP

exports[`@npm/mobydick-popups/PopupBase should not fire onClose event 1`] = `
<View
  accessible={true}
  collapsable={false}
  focusable={true}
  onBlur={[Function]}
  onClick={[Function]}
  onFocus={[Function]}
  onResponderGrant={[Function]}
  onResponderMove={[Function]}
  onResponderRelease={[Function]}
  onResponderTerminate={[Function]}
  onResponderTerminationRequest={[Function]}
  onStartShouldSetResponder={[Function]}
  style={
    Array [
      Object {
        "alignItems": "center",
        "backgroundColor": "rgba(32, 36, 45, 0.45)",
        "height": "100%",
        "justifyContent": "flex-end",
        "position": "absolute",
        "width": "100%",
      },
      undefined,
    ]
  }
  testID="Pressable"
/>
`;

exports[`@npm/mobydick-popups/PopupBase should renders correctly 1`] = `
<View
  accessible={true}
  collapsable={false}
  focusable={true}
  onBlur={[Function]}
  onClick={[Function]}
  onFocus={[Function]}
  onResponderGrant={[Function]}
  onResponderMove={[Function]}
  onResponderRelease={[Function]}
  onResponderTerminate={[Function]}
  onResponderTerminationRequest={[Function]}
  onStartShouldSetResponder={[Function]}
  style={
    Array [
      Object {
        "alignItems": "center",
        "backgroundColor": "rgba(32, 36, 45, 0.45)",
        "height": "100%",
        "justifyContent": "flex-end",
        "position": "absolute",
        "width": "100%",
      },
      undefined,
    ]
  }
  testID="Pressable"
/>
`;
