// Jest Snapshot v1, https://goo.gl/fbAQLP

exports[`@npm/mobydick-popups/ActionSheetBase should renders correctly LastItem 1`] = `
<View
  accessible={true}
  collapsable={false}
  focusable={false}
  onClick={[Function]}
  onResponderGrant={[Function]}
  onResponderMove={[Function]}
  onResponderRelease={[Function]}
  onResponderTerminate={[Function]}
  onResponderTerminationRequest={[Function]}
  onStartShouldSetResponder={[Function]}
  style={
    Object {
      "alignItems": "center",
      "backgroundColor": "#EEEFF1",
      "borderBottomLeftRadius": 18,
      "borderBottomRightRadius": 18,
      "borderTopColor": "#D1D4DB",
      "borderTopWidth": 1,
      "justifyContent": "center",
      "marginBottom": 12,
      "marginHorizontal": 12,
      "minHeight": 75,
      "opacity": 1,
      "paddingHorizontal": 30,
    }
  }
>
  <Text
    allowFontScaling={true}
    style={
      Array [
        Object {
          "color": "#20242D",
          "fontFamily": "Inter-Regular",
          "fontSize": 27,
          "lineHeight": 33,
        },
        Object {
          "paddingVertical": 22.5,
        },
      ]
    }
  />
</View>
`;
