// Jest Snapshot v1, https://goo.gl/fbAQLP

exports[`@npm/mobydick-popups/TooltipBase/LeftButton should renders correctly 1`] = `
<View
  accessibilityState={
    Object {
      "disabled": false,
    }
  }
  accessible={true}
  collapsable={false}
  focusable={false}
  onClick={[Function]}
  onResponderGrant={[Function]}
  onResponderMove={[Function]}
  onResponderRelease={[Function]}
  onResponderTerminate={[Function]}
  onResponderTerminationRequest={[Function]}
  onStartShouldSetResponder={[Function]}
  style={
    Object {
      "alignItems": "center",
      "alignSelf": "flex-start",
      "backgroundColor": "#2B78EE",
      "borderRadius": 18,
      "flexDirection": "row",
      "justifyContent": "center",
      "marginVertical": 12,
      "minHeight": 72,
      "opacity": 1,
    }
  }
>
  <Text
    allowFontScaling={true}
    style={
      Array [
        Object {
          "color": "#FFF",
          "fontFamily": "Inter-SemiBold",
          "fontSize": 27,
          "lineHeight": 33,
        },
        Array [
          Object {
            "color": "#FFF",
            "paddingHorizontal": 9,
          },
          undefined,
        ],
      ]
    }
  >
    text
  </Text>
</View>
`;
