// Jest Snapshot v1, https://goo.gl/fbAQLP

exports[`@npm/mobydick-typography/Typography renders default correctly 1`] = `
<Text
  allowFontScaling={true}
  style={
    Array [
      Object {
        "color": "#20242D",
        "fontFamily": "Inter-Regular",
        "fontSize": 15,
        "lineHeight": 19,
      },
      undefined,
    ]
  }
>
  My Text
</Text>
`;
